10737418245368709123579139412684354564194304262144