Hello world ! (avec print)Hello world ! (avec println)
