TEST AND
Devrait print : true
true
TEST OR
Devrait print : true true true
true
true
true