String : Bonjour
Entier : 12
Float : 2.3
Plusieurs : 1 test 3.3
