String : Bonjour
Entier : 12
Float : 40133333
Plusieurs : 1 test 40533333
